[ok] SOLUSDT 53999 rows 2020-08-11 06:00:00 .. 2026-10-09 23:00:00
[fail] LINKUSDT: ('Connection aborted.', RemoteDisconnected('Remote end closed connection without response'))
[ok] XRPUSDT 73849 rows 2018-05-04 08:00:00 .. 2026-10-09 23:00:00
[ok] ADAUSDT 74261 rows 2018-04-17 04:00:00 .. 2026-10-09 23:00:00
[ok] BNBUSDT 78117 rows 2017-11-06 03:00:00 .. 2026-10-09 23:00:00
[ok] DOGEUSDT 63641 rows 2019-07-05 12:00:00 .. 2026-10-09 23:00:00
[ok] TRXUSDT 72934 rows 2018-06-11 11:00:00 .. 2026-10-09 23:00:00
[ok] ETHUSDT 80053 rows 2017-08-17 04:00:00 .. 2026-10-09 23:00:00
[ok] BTCUSDT 80053 rows 2017-08-17 04:00:00 .. 2026-10-09 23:00:00
[ok] AVAXUSDT 52991 rows 2020-09-22 06:00:00 .. 2026-10-09 23:00:00
[ok] SUIUSDT 30132 rows 2023-05-03 12:00:00 .. 2026-10-09 23:00:00
[ok] XLMUSDT 73200 rows 2018-05-31 09:00:00 .. 2026-10-09 23:00:00
[ok] BCHUSDT 60151 rows 2019-11-28 10:00:00 .. 2026-10-09 23:00:00
[ok] HBARUSDT 61593 rows 2019-09-29 04:00:00 .. 2026-10-09 23:00:00
[ok] LTCUSDT 77229 rows 2017-12-13 03:00:00 .. 2026-10-09 23:00:00
[ok] DOTUSDT 53814 rows 2020-08-18 23:00:00 .. 2026-10-09 23:00:00
[ok] SHIBUSDT 47478 rows 2021-05-10 11:00:00 .. 2026-10-09 23:00:00
[ok] UNIUSDT 53114 rows 2020-09-17 03:00:00 .. 2026-10-09 23:00:00
[ok] AAVEUSDT 52442 rows 2020-10-15 03:00:00 .. 2026-10-09 23:00:00
[ok] TAOUSDT 21876 rows 2024-04-11 12:00:00 .. 2026-10-09 23:00:00
[ok] NEARUSDT 52464 rows 2020-10-14 05:00:00 .. 2026-10-09 23:00:00
[ok] PEPEUSDT 30078 rows 2023-05-05 18:00:00 .. 2026-10-09 23:00:00
[ok] APTUSDT 34846 rows 2022-10-19 01:00:00 .. 2026-10-09 23:00:00
[ok] ONDOUSDT 13114 rows 2025-04-11 14:00:00 .. 2026-10-09 23:00:00
[ok] ICPUSDT 47464 rows 2021-05-11 01:00:00 .. 2026-10-09 23:00:00
[ok] POLUSDT 18158 rows 2024-09-13 10:00:00 .. 2026-10-09 23:00:00
[ok] ETCUSDT 72929 rows 2018-06-12 02:00:00 .. 2026-10-09 23:00:00
[ok] ENAUSDT 22096 rows 2024-04-02 08:00:00 .. 2026-10-09 23:00:00
[ok] ARBUSDT 31112 rows 2023-03-23 15:00:00 .. 2026-10-09 23:00:00
[ok] RENDERUSDT 19336 rows 2024-07-26 08:00:00 .. 2026-10-09 23:00:00
[ok] OPUSDT 38199 rows 2022-06-01 08:00:00 .. 2026-10-09 23:00:00
[ok] WLDUSDT 28167 rows 2023-07-24 09:00:00 .. 2026-10-09 23:00:00
[ok] VETUSDT 71903 rows 2018-07-25 04:00:00 .. 2026-10-09 23:00:00
[ok] ATOMUSDT 65247 rows 2019-04-29 04:00:00 .. 2026-10-09 23:00:00
[ok] FILUSDT 52428 rows 2020-10-15 17:00:00 .. 2026-10-09 23:00:00
[ok] ALGOUSDT 63965 rows 2019-06-22 00:00:00 .. 2026-10-09 23:00:00
[ok] INJUSDT 52297 rows 2020-10-21 04:00:00 .. 2026-10-09 23:00:00
[ok] SEIUSDT 27636 rows 2023-08-15 12:00:00 .. 2026-10-09 23:00:00
[ok] TIAUSDT 25784 rows 2023-10-31 16:00:00 .. 2026-10-09 23:00:00
[ok] JUPUSDT 23576 rows 2024-01-31 16:00:00 .. 2026-10-09 23:00:00
[ok] BONKUSDT 24712 rows 2023-12-15 08:00:00 .. 2026-10-09 23:00:00
[ok] FETUSDT 66675 rows 2019-02-28 10:00:00 .. 2026-10-09 23:00:00
[ok] STXUSDT 60969 rows 2019-10-25 04:00:00 .. 2026-10-09 23:00:00
[ok] IMXUSDT 41605 rows 2022-01-10 10:00:00 .. 2026-10-09 23:00:00
[ok] LDOUSDT 38748 rows 2022-05-09 11:00:00 .. 2026-10-09 23:00:00
[ok] GRTUSDT 50914 rows 2020-12-17 20:00:00 .. 2026-10-09 23:00:00
[ok] WIFUSDT 22762 rows 2024-03-05 14:00:00 .. 2026-10-09 23:00:00
[ok] QNTUSDT 45563 rows 2021-07-29 06:00:00 .. 2026-10-09 23:00:00
[ok] TONUSDT 16577 rows 2024-08-08 10:00:00 .. 2026-06-30 02:00:00
[ok] ZECUSDT 66183 rows 2019-03-21 04:00:00 .. 2026-10-09 23:00:00
[ok] CRVUSDT 53905 rows 2020-08-15 04:00:00 .. 2026-10-09 23:00:00
[ok] PENGUUSDT 15874 rows 2024-12-17 14:00:00 .. 2026-10-09 23:00:00
[ok] TRUMPUSDT 15088 rows 2025-01-19 08:00:00 .. 2026-10-09 23:00:00
[ok] PYTHUSDT 23532 rows 2024-02-02 12:00:00 .. 2026-10-09 23:00:00
[ok] FLOKIUSDT 30078 rows 2023-05-05 18:00:00 .. 2026-10-09 23:00:00
[ok] XTZUSDT 61706 rows 2019-09-24 11:00:00 .. 2026-10-09 23:00:00
[ok] THETAUSDT 65703 rows 2019-04-10 04:00:00 .. 2026-10-09 23:00:00
[ok] SANDUSDT 53920 rows 2020-08-14 13:00:00 .. 2026-10-09 23:00:00
[ok] RUNEUSDT 53423 rows 2020-09-04 06:00:00 .. 2026-10-09 23:00:00
[ok] GALAUSDT 44463 rows 2021-09-13 06:00:00 .. 2026-10-09 23:00:00
[ok] CAKEUSDT 49397 rows 2021-02-19 06:00:00 .. 2026-10-09 23:00:00
[ok] MANAUSDT 54115 rows 2020-08-06 10:00:00 .. 2026-10-09 23:00:00
[ok] EGLDUSDT 53450 rows 2020-09-03 03:00:00 .. 2026-10-09 23:00:00
[ok] IOTAUSDT 73200 rows 2018-05-31 09:00:00 .. 2026-10-09 23:00:00
[ok] EOSUSDT 61231 rows 2018-05-28 05:00:00 .. 2025-05-26 02:00:00
[ok] FTMUSDT 48988 rows 2019-06-11 04:00:00 .. 2025-01-13 02:00:00
[ok] MATICUSDT 47071 rows 2019-04-26 15:00:00 .. 2024-09-10 02:00:00
[ok] XMRUSDT 43218 rows 2019-03-15 04:00:00 .. 2024-02-20 02:00:00
hourly data for 67 symbols
