[fail] ETF flows: 403 Client Error: Forbidden for url: https://farside.co.uk/bitcoin-etf-flow-all-data/
[ok] DVOL BTC: 48633 hours from 2021-03-24 01:00:00
[ok] DVOL ETH: 48633 hours from 2021-03-24 01:00:00
[ok] Coinbase BTC-USD: 80532 hours
[ok] Coinbase USDT-USD: 47633 hours
[ok] SUIUSDT via SUIUSDT: 30128 hours, metrics 4475
[ok] AVAXUSDT via AVAXUSDT: 52987 hours, metrics 6325
[ok] BNBUSDT via BNBUSDT: 58408 hours, metrics 6325
[ok] TRXUSDT via TRXUSDT: 59032 hours, metrics 6325
[ok] SOLUSDT via SOLUSDT: 53203 hours, metrics 6325
[ok] DOGEUSDT via DOGEUSDT: 54784 hours, metrics 6325
[ok] XRPUSDT via XRPUSDT: 59248 hours, metrics 6325
[ok] ADAUSDT via ADAUSDT: 58683 hours, metrics 6325
[ok] LINKUSDT via LINKUSDT: 58984 hours, metrics 6325
[ok] XLMUSDT via XLMUSDT: 58914 hours, metrics 6325
[ok] HBARUSDT via HBARUSDT: 48785 hours, metrics 6325
[ok] BCHUSDT via BCHUSDT: 59376 hours, metrics 6325
[ok] LTCUSDT via LTCUSDT: 59176 hours, metrics 6325
[ok] PEPEUSDT via 1000PEPEUSDT: 30080 hours, metrics 4475
[ok] SHIBUSDT via 1000SHIBUSDT: 47483 hours, metrics 6325
[ok] DOTUSDT via DOTUSDT: 53759 hours, metrics 6325
[ok] UNIUSDT via UNIUSDT: 53108 hours, metrics 6325
[ok] NEARUSDT via NEARUSDT: 52458 hours, metrics 6325
[ok] AAVEUSDT via AAVEUSDT: 52433 hours, metrics 6325
[ok] TAOUSDT via TAOUSDT: 21874 hours, metrics 3250
[ok] APTUSDT via APTUSDT: 34848 hours, metrics 5175
[ok] ONDOUSDT via ONDOUSDT: 23843 hours, metrics 3550
[ok] TONUSDT via TONUSDT: 22861 hours, metrics 3040
[ok] POLUSDT via POLUSDT: 18156 hours, metrics 2700
[ok] ENAUSDT via ENAUSDT: 22092 hours, metrics 3275
[ok] ICPUSDT via ICPUSDT: 46922 hours, metrics 5300
[ok] ETCUSDT via ETCUSDT: 59008 hours, metrics 6325
[ok] ARBUSDT via ARBUSDT: 31114 hours, metrics 4625
[ok] RENDERUSDT via RENDERUSDT: 19334 hours, metrics 2875
[ok] ETHUSDT via ETHUSDT: 59376 hours, metrics 42568
[ok] ALGOUSDT via ALGOUSDT: 55406 hours, metrics 6325
[ok] WLDUSDT via WLDUSDT: 28164 hours, metrics 4175
[ok] ATOMUSDT via ATOMUSDT: 58479 hours, metrics 6325
[ok] OPUSDT via OPUSDT: 38195 hours, metrics 5675
[ok] INJUSDT via INJUSDT: 36360 hours, metrics 5400
[ok] BTCUSDT via BTCUSDT: 59376 hours, metrics 46954
[ok] SEIUSDT via SEIUSDT: 27600 hours, metrics 4100
[ok] FILUSDT via FILUSDT: 52434 hours, metrics 6325
[ok] TIAUSDT via TIAUSDT: 25782 hours, metrics 3825
[ok] VETUSDT via VETUSDT: 58312 hours, metrics 6325
[ok] FETUSDT via FETUSDT: 32689 hours, metrics 4850
[ok] JUPUSDT via JUPUSDT: 23574 hours, metrics 3500
[ok] BONKUSDT via 1000BONKUSDT: 25258 hours, metrics 3750
[ok] STXUSDT via STXUSDT: 31835 hours, metrics 4725
[ok] TRUMPUSDT via TRUMPUSDT: 15107 hours, metrics 2250
[ok] PENGUUSDT via PENGUUSDT: 15872 hours, metrics 2350
[ok] IMXUSDT via IMXUSDT: 40845 hours, metrics 6075
[ok] WIFUSDT via WIFUSDT: 23890 hours, metrics 3550
[ok] LDOUSDT via LDOUSDT: 35485 hours, metrics 5275
[ok] PYTHUSDT via PYTHUSDT: 25258 hours, metrics 3750
[ok] GRTUSDT via GRTUSDT: 50897 hours, metrics 6325
[ok] QNTUSDT via QNTUSDT: 34822 hours, metrics 5175
[ok] CRVUSDT via CRVUSDT: 53513 hours, metrics 6325
[ok] FLOKIUSDT via 1000FLOKIUSDT: 30056 hours, metrics 4475
[ok] ZECUSDT via ZECUSDT: 58531 hours, metrics 6325
[ok] CAKEUSDT via CAKEUSDT: 25740 hours, metrics 3825
[ok] XTZUSDT via XTZUSDT: 58510 hours, metrics 6325
[ok] SANDUSDT via SANDUSDT: 50009 hours, metrics 6325
[ok] RUNEUSDT via RUNEUSDT: 53441 hours, metrics 6325
[ok] THETAUSDT via THETAUSDT: 55842 hours, metrics 6325
[ok] MANAUSDT via MANAUSDT: 48833 hours, metrics 6325
[ok] GALAUSDT via GALAUSDT: 44351 hours, metrics 6325
[ok] EGLDUSDT via EGLDUSDT: 53203 hours, metrics 6325
[ok] IOTAUSDT via IOTAUSDT: 58360 hours, metrics 6325
[ok] XMRUSDT via XMRUSDT: 58583 hours, metrics 6300
[ok] FTMUSDT via FTMUSDT: 52963 hours, metrics 4059
[ok] EOSUSDT via EOSUSDT: 49586 hours, metrics 4534
[ok] MATICUSDT via MATICUSDT: 42675 hours, metrics error: 'NoneType' object has no attribute 'group'
version 2 inputs: 74 of 75 sources ok
